// Vitest Snapshot v1, https://vitest.dev/guide/snapshot.html

exports[`UpdateProfileName Component > matches snapshot 1`] = `
<div>
  <div
    role="main"
  >
    <h1
      tag="h1"
    >
      Edit your name
    </h1>
    <p>
      This will update your name with
       
      <strong>
        every service you have shared your name with through GC Sign in.
      </strong>
    </p>
    <div
      data-testid="services-with-access-info"
    >
      <p>
        Mocked Services Info Section
      </p>
      <ul>
        <li>
          Test content for item 3
        </li>
      </ul>
    </div>
    <div
      style="margin-top: 1.5rem;"
    >
      <input
        data-testid="givenName"
        id="givenName"
        label="First name"
        lang="en"
        name="givenName"
        pattern="[a-zA-ZÀ-ÿĀ-žА-я\\u0100-\\u017F\\u0180-\\u024F\\u1E00-\\u1EFF\\s'-]*"
        type="text"
        validateon="other"
        value=""
      />
      <input
        data-testid="familyName"
        id="familyName"
        label="Last name"
        lang="en"
        name="familyName"
        pattern="[a-zA-ZÀ-ÿĀ-žА-я\\u0100-\\u017F\\u0180-\\u024F\\u1E00-\\u1EFF\\s'-]*"
        required=""
        type="text"
        validateon="other"
        value=""
      />
    </div>
    <div
      columns="max-content max-content"
      gap="200"
    >
      <button
        type="submit"
      >
        Continue
      </button>
      <button
        data-button-role="secondary"
      >
        Cancel
      </button>
    </div>
  </div>
</div>
`;
